bun : $ next build
At line:1 char:1
+ bun run build > build-output.txt 2>&1
+ ~~~~~~~~~~~~~~~~~~~~~~~~~~~~~~~~~~~~~
    + CategoryInfo          : NotSpecified: ($ next build:String) [], RemoteException
    + FullyQualifiedErrorId : NativeCommandError
 
   鈻?Next.js 15.5.19
   - Environments: .env.local

   Creating an optimized production build ...
 鉁?Compiled successfully in 1892ms
   Linting and checking validity of types ...

./app/api/admin/orders/route.ts
37:12  Warning: 'error' is defined but never used.  @typescript-eslint/no-unused-vars

./app/api/admin/users/route.ts
30:36  Warning: 'passwordHash' is defined but never used.  @typescript-eslint/no-unused-vars
32:12  Warning: 'error' is defined but never used.  @typescript-eslint/no-unused-vars
83:27  Warning: '_' is assigned a value but never used.  @typescript-eslint/no-unused-vars
85:12  Warning: 'error' is defined but never used.  @typescript-eslint/no-unused-vars
129:27  Warning: '_' is assigned a value but never used.  @typescript-eslint/no-unused-vars
131:12  Warning: 'error' is defined but never used.  @typescript-eslint/no-unused-vars
167:12  Warning: 'error' is defined but never used.  @typescript-eslint/no-unused-vars

./app/api/orders/[id]/route.ts
32:12  Warning: 'error' is defined but never used.  @typescript-eslint/no-unused-vars
73:12  Warning: 'error' is defined but never used.  @typescript-eslint/no-unused-vars
107:12  Warning: 'error' is defined but never used.  @typescript-eslint/no-unused-vars

./components/admin/OrderDetailClient.tsx
58:14  Warning: 'error' is defined but never used.  @typescript-eslint/no-unused-vars

./components/admin/UsersAdminClient.tsx
96:14  Warning: 'error' is defined but never used.  @typescript-eslint/no-unused-vars

./components/Footer.tsx
26:29  Warning: 'error' is assigned a value but never used.  @typescript-eslint/no-unused-vars

./lib/constants.ts
1:35  Warning: 'Home' is defined but never used.  @typescript-eslint/no-unused-vars
1:41  Warning: 'ShieldAlert' is defined but never used.  @typescript-eslint/no-unused-vars
1:63  Warning: 'Hand' is defined but never used.  @typescript-eslint/no-unused-vars

info  - Need to disable some ESLint rules? Learn more here: https://nextjs.org/docs/app/api-reference/config/eslint#disabling-rules
   Collecting page data ...
   Generating static pages (0/21) ...
   Generating static pages (5/21) 
   Generating static pages (10/21) 
   Generating static pages (15/21) 
 鉁?Generating static pages (21/21)
   Finalizing page optimization ...
   Collecting build traces ...

Route (app)                                 Size  First Load JS
鈹?茠 /                                    1.98 kB         122 kB
鈹?鈼?/_not-found                            139 B         103 kB
鈹?鈼?/admin                                 139 B         103 kB
鈹?茠 /admin/orders                          817 B         107 kB
鈹?茠 /admin/orders/[id]                   2.65 kB         123 kB
鈹?茠 /admin/products                      3.79 kB         126 kB
鈹?茠 /admin/settings                      1.51 kB         123 kB
鈹?鈼?/admin/users                         1.76 kB         119 kB
鈹?茠 /api/admin/orders                      819 B         103 kB
鈹?茠 /api/admin/products                    819 B         103 kB
鈹?茠 /api/admin/settings                    819 B         103 kB
鈹?茠 /api/admin/upload-image                819 B         103 kB
鈹?茠 /api/admin/users                       819 B         103 kB
鈹?茠 /api/auth/[...nextauth]                819 B         103 kB
鈹?茠 /api/categories                        139 B         103 kB
鈹?茠 /api/checkout                          819 B         103 kB
鈹?茠 /api/orders                            139 B         103 kB
鈹?茠 /api/orders/[id]                       139 B         103 kB
鈹?茠 /api/products                          139 B         103 kB
鈹?茠 /api/register                          819 B         103 kB
鈹?鈼?/cart                                 2.2 kB         126 kB
鈹?鈼?/checkout                            2.26 kB         121 kB
鈹?鈼?/faq                                 2.91 kB         105 kB
鈹?鈼?/login                               1.11 kB         120 kB
鈹?茠 /order-confirmation/[id]               817 B         107 kB
鈹?茠 /products                            4.02 kB         124 kB
鈹?茠 /products/[slug]                     3.38 kB         124 kB
鈹?鈼?/promo                                 165 B         106 kB
鈹?鈼?/register                            1.07 kB         110 kB
+ First Load JS shared by all             102 kB
  鈹?chunks/255-98a0bdaa30757bda.js       46.2 kB
  鈹?chunks/4bd1b696-c023c6e3521b1417.js  54.2 kB
  鈹?other shared chunks (total)          1.99 kB


鈼? (Static)   prerendered as static content
茠  (Dynamic)  server-rendered on demand

